1945
Historias de Ultratumba (Castellano)
Historias de Ultratumba (Subtitulada)
Megalodon (Castellano)
