9: <Funcion para "Hotel Transylvania 14" en la sala C con fecha 25/09/2018 - 14:00>
Asientos:
	1	2	3	4	5	6
A	O	O	O	O	O	O
B	O	O	O	O	O	O
C	O	O	O	O	O	O
D	O	O	O	O	O	O
E	O	O	O	O	O	O
