Historias de Ultratumba (Castellano)
Historias de Ultratumba (Subtitulada)
