1: <Funcion para "Megalodon (Castellano)" en la sala A con fecha 25/09/2018 - 18:00>
2: <Funcion para "Megalodon (Castellano)" en la sala B con fecha 25/09/2018 - 18:00>
3: <Funcion para "Megalodon (Castellano)" en la sala C con fecha 25/09/2018 - 18:00> AGOTADA
