2: <Funcion para "Megalodon (Castellano)" en la sala B con fecha 25/09/2018 - 18:00>
Asientos:
	1	2	3	4	5	6	7	8	9	10	11
A	O	O	O	O	O	O	O	O	O	O	O
B	O	O	O	O	O	O	O	O	O	O	O
C	O	O	O	O	O	O	O	O	O	O	O
D	O	O	O	O	O	O	O	O	O	O	O
E	O	O	O	O	O	O	O	O	O	O	O
F	O	O	O	O	O	O	O	O	O	O	O
G	O	O	O	O	O	O	O	O	O	O	O
H	O	O	O	O	O	O	O	O	O	O	O
I	O	O	O	O	O	O	O	O	O	O	O
J	O	O	O	O	O	O	O	O	O	O	O
